### Starting TaskPrologue of job 4077213 on a0905 at Fri Aug 21 10:06:54 PM CEST 2026
Running on cores 0-15 with governor ondemand
Fri Aug 21 22:06:54 2026       
+-----------------------------------------------------------------------------------------+
| NVIDIA-SMI 610.43.02              KMD Version: 610.43.02     CUDA UMD Version: 13.3     |
+-----------------------------------------+------------------------+----------------------+
| GPU  Name                 Persistence-M | Bus-Id          Disp.A | Volatile Uncorr. ECC |
| Fan  Temp   Perf          Pwr:Usage/Cap |           Memory-Usage | GPU-Util  Compute M. |
|                                         |                        |               MIG M. |
|=========================================+========================+======================|
|   0  NVIDIA A100-SXM4-40GB          On  |   00000000:0E:00.0 Off |                    0 |
| N/A   34C    P0             55W /  400W |       0MiB /  40960MiB |      0%      Default |
|                                         |                        |             Disabled |
+-----------------------------------------+------------------------+----------------------+

+-----------------------------------------------------------------------------------------+
| Processes:                                                                              |
|  GPU   GI   CI              PID   Type   Process name                        GPU Memory |
|        ID   ID                                                               Usage      |
|=========================================================================================|
|  No running processes found                                                             |
+-----------------------------------------------------------------------------------------+
### Finished TaskPrologue

Job ID: 4077213
Node: a0905.nhr.fau.de
Starting at: Fri Aug 21 10:06:56 PM CEST 2026
Creating new Ultralytics Settings v0.0.7 file ✅ 
View Ultralytics Settings with 'yolo settings' or at '/home/hpc/v123be/v123be56/.config/Ultralytics/settings.json'
Update Settings with 'yolo settings key=value', i.e. 'yolo settings runs_dir=path/to/dir'. For help see https://docs.ultralytics.com/quickstart#ultralytics-settings.
WARNING ⚠️ Download failure, retrying 1/3 https://github.com/ultralytics/assets/releases/download/v8.4.0/yolov8s.pt... HTTPSConnectionPool(host='github.com', port=443): Max retries exceeded with url: /ultralytics/assets/releases/download/v8.4.0/yolov8s.pt (Caused by ConnectTimeoutError(<HTTPSConnection(host='github.com', port=443) at 0x1513dc81c2f0>, 'Connection to github.com timed out. (connect timeout=30)'))
WARNING ⚠️ Download failure, retrying 2/3 https://github.com/ultralytics/assets/releases/download/v8.4.0/yolov8s.pt... Curl return value 28
